Microchip MPLAB XC8 Compiler V2.00 ()

Linker command line:

-W-3 --edf=C:\Program Files (x86)\Microchip\xc8\v2.00\pic\dat\en_msgs.txt \
  -cs -h+dist/default/production\MotorPasso.X.production.sym \
  --cmf=dist/default/production\MotorPasso.X.production.cmf -z -Q16F887 \
  -oC:\Users\20190224\AppData\Local\Temp\sbp0.2 \
  -Mdist/default/production/MotorPasso.X.production.map -E1 -ver=XC8 \
  --acfsm=1493 -ASTACK=0110h-016fh -pstack=STACK -ACODE=00h-07FFhx4 \
  -ASTRCODE=00h-01FFFh -ASTRING=00h-0FFhx32 -ACONST=00h-0FFhx32 \
  -AENTRY=00h-0FFhx32 -ACOMMON=070h-07Fh -ABANK0=020h-06Fh \
  -ABANK1=0A0h-0EFh -ABANK2=0110h-016Fh -ABANK3=0190h-01EFh \
  -ARAM=020h-06Fh,0A0h-0EFh,0110h-016Fh,0190h-01EFh \
  -AABS1=020h-07Fh,0A0h-0EFh,0110h-016Fh,0190h-01EFh -ASFR0=00h-01Fh \
  -ASFR1=080h-09Fh -ASFR2=0100h-010Fh -ASFR3=0180h-018Fh \
  -preset_vec=00h,intentry,init,end_init -ppowerup=CODE -pcinit=CODE \
  -pfunctab=ENTRY -ACONFIG=02007h-02008h -pconfig=CONFIG -DCONFIG=2 \
  -AIDLOC=02000h-02003h -pidloc=IDLOC -DIDLOC=2 -AEEDATA=00h-0FFh/02100h \
  -peeprom_data=EEDATA -DEEDATA=2 -DCODE=2 -DSTRCODE=2 -DSTRING=2 -DCONST=2 \
  -DENTRY=2 -k C:\Users\20190224\AppData\Local\Temp\sbp0.o \
  dist/default/production\MotorPasso.X.production.o 

Object code version is 3.11

Machine type is 16F887



                Name                               Link     Load   Length Selector   Space Scale
C:\Users\20190224\AppData\Local\Temp\sbp0.o
                end_init                              0        0        3        0       0
                config                             2007     2007        2     400E       0
dist/default/production\MotorPasso.X.production.o
                cinit                               7FC      7FC        4      FF8       0
                text3                               68F      68F       71      D1E       0
                text2                               700      700       FC      E00       0
                text1                               648      648        A      C90       0
                maintext                            652      652       3D      CA4       0
                cstackBANK0                          20       20        8       20       1
                cstackCOMMON                         70       70        D       70       1

TOTAL           Name                               Link     Load   Length     Space
        CLASS   STACK          

        CLASS   CODE           
                end_init                              0        0        3         0
                cinit                               7FC      7FC        4         0
                text3                               68F      68F       71         0
                text2                               700      700       FC         0
                text1                               648      648        A         0
                maintext                            652      652       3D         0

        CLASS   STRCODE        

        CLASS   STRING         

        CLASS   CONST          

        CLASS   ENTRY          

        CLASS   COMMON         
                cstackCOMMON                         70       70        D         1

        CLASS   BANK0          
                cstackBANK0                          20       20        8         1

        CLASS   BANK1          

        CLASS   BANK2          

        CLASS   BANK3          

        CLASS   RAM            

        CLASS   ABS1           
                abs_s1                               7E       7E        2         1

        CLASS   SFR0           

        CLASS   SFR1           

        CLASS   SFR2           

        CLASS   SFR3           

        CLASS   CONFIG         
                config                             2007     2007        2         0

        CLASS   IDLOC          

        CLASS   EEDATA         



SEGMENTS        Name                           Load    Length   Top    Selector   Space  Class     Delta

                reset_vec                      000000  000003  000003         0       0  CODE        2
                cstackBANK0                    000020  000008  000028        20       1  BANK0       1
                cstackCOMMON                   000070  00000D  00007D        70       1  COMMON      1
                text1                          000648  00000A  000652       C90       0  CODE        2
                maintext                       000652  00003D  00068F       CA4       0  CODE        2
                text3                          00068F  000071  000700       D1E       0  CODE        2
                text2                          000700  0000FC  0007FC       E00       0  CODE        2
                cinit                          0007FC  000004  000800       FF8       0  CODE        2
                config                         002007  000002  002009      400E       0  CONFIG      2


UNUSED ADDRESS RANGES

        Name                Unused          Largest block    Delta
        BANK0            0028-006F             48           1
        BANK1            00A0-00EF             50           1
        BANK2            0110-016F             60           1
        BANK3            0190-01EF             60           1
        CODE             0003-0647            645           2
                         0800-1FFF            800
        COMMON           007D-007D              1           1
        CONST            0003-0647            100           2
                         0800-1FFF            100
        EEDATA           2100-21FF            100           2
        ENTRY            0003-0647            100           2
                         0800-1FFF            100
        IDLOC            2000-2003              4           2
        RAM              0028-006F             48           1
                         00A0-00EF             50
                         0110-016F             60
                         0190-01EF             60
        SFR0             0000-001F             20           1
        SFR1             0080-009F             20           1
        SFR2             0100-010F             10           1
        SFR3             0180-018F             10           1
        STACK            0110-016F             60           1
        STRCODE          0003-0647            645           2
                         0800-1FFF           1800
        STRING           0003-0647            100           2
                         0800-1FFF            100

                                  Symbol Table

?___awdiv                 cstackCOMMON 0070
_ANSELH                   (abs)        0189
_PORTD                    (abs)        0008
_TRISD                    (abs)        0088
__CFG_BOR4V$BOR40V        (abs)        0000
__CFG_BOREN$OFF           (abs)        0000
__CFG_CP$OFF              (abs)        0000
__CFG_CPD$OFF             (abs)        0000
__CFG_FCMEN$OFF           (abs)        0000
__CFG_FOSC$INTRC_NOCLKOUT (abs)        0000
__CFG_IESO$OFF            (abs)        0000
__CFG_LVP$OFF             (abs)        0000
__CFG_MCLRE$OFF           (abs)        0000
__CFG_PWRTE$OFF           (abs)        0000
__CFG_WDTE$OFF            (abs)        0000
__CFG_WRT$OFF             (abs)        0000
__Habs1                   abs1         0000
__Hbank0                  bank0        0000
__Hbank1                  bank1        0000
__Hbank2                  bank2        0000
__Hbank3                  bank3        0000
__Hcinit                  cinit        0800
__Hclrtext                clrtext      0000
__Hcode                   code         0000
__Hcommon                 common       0000
__Hconfig                 config       2009
__HcstackBANK0            cstackBANK0  0000
__HcstackCOMMON           cstackCOMMON 0000
__Heeprom_data            eeprom_data  0000
__Hend_init               end_init     0003
__Hfunctab                functab      0000
__Hidloc                  idloc        0000
__Hinit                   init         0000
__Hintentry               intentry     0000
__Hmaintext               maintext     0000
__Hpowerup                powerup      0000
__Hram                    ram          0000
__Hreset_vec              reset_vec    0000
__Hsfr0                   sfr0         0000
__Hsfr1                   sfr1         0000
__Hsfr2                   sfr2         0000
__Hsfr3                   sfr3         0000
__Hspace_0                (abs)        2009
__Hspace_1                (abs)        007D
__Hspace_2                (abs)        0000
__Hspace_3                (abs)        0000
__Hstack                  stack        0000
__Hstrings                strings      0000
__Htext                   text         0000
__Labs1                   abs1         0000
__Lbank0                  bank0        0000
__Lbank1                  bank1        0000
__Lbank2                  bank2        0000
__Lbank3                  bank3        0000
__Lcinit                  cinit        07FC
__Lclrtext                clrtext      0000
__Lcode                   code         0000
__Lcommon                 common       0000
__Lconfig                 config       2007
__LcstackBANK0            cstackBANK0  0000
__LcstackCOMMON           cstackCOMMON 0000
__Leeprom_data            eeprom_data  0000
__Lend_init               end_init     0000
__Lfunctab                functab      0000
__Lidloc                  idloc        0000
__Linit                   init         0000
__Lintentry               intentry     0000
__Lmaintext               maintext     0000
__Lpowerup                powerup      0000
__Lram                    ram          0000
__Lreset_vec              reset_vec    0000
__Lsfr0                   sfr0         0000
__Lsfr1                   sfr1         0000
__Lsfr2                   sfr2         0000
__Lsfr3                   sfr3         0000
__Lspace_0                (abs)        0000
__Lspace_1                (abs)        0000
__Lspace_2                (abs)        0000
__Lspace_3                (abs)        0000
__Lstack                  stack        0000
__Lstrings                strings      0000
__Ltext                   text         0000
__S0                      (abs)        2009
__S1                      (abs)        007D
__S2                      (abs)        0000
__S3                      (abs)        0000
___awdiv                  text3        068F
___awdiv@counter          cstackCOMMON 0075
___awdiv@dividend         cstackCOMMON 0072
___awdiv@divisor          cstackCOMMON 0070
___awdiv@quotient         cstackCOMMON 0077
___awdiv@sign             cstackCOMMON 0076
___int_sp                 stack        0000
___latbits                (abs)        0002
___sp                     stack        0000
__end_of___awdiv          text3        0700
__end_of__initialization  cinit        07FC
__end_of_main             maintext     068F
__end_of_motor            text2        07FC
__end_of_motor_init       text1        0652
__initialization          cinit        07FC
__pcstackBANK0            cstackBANK0  0020
__pcstackCOMMON           cstackCOMMON 0070
__pmaintext               maintext     0652
__ptext1                  text1        0648
__ptext2                  text2        0700
__ptext3                  text3        068F
__size_of___awdiv         (abs)        0000
__size_of_main            (abs)        0000
__size_of_motor           (abs)        0000
__size_of_motor_init      (abs)        0000
_main                     maintext     0652
_motor                    text2        0700
_motor_init               text1        0648
btemp                     (abs)        007E
end_of_initialization     cinit        07FC
intlevel0                 functab      0000
intlevel1                 functab      0000
intlevel2                 functab      0000
intlevel3                 functab      0000
intlevel4                 functab      0000
intlevel5                 functab      0000
motor@i                   cstackBANK0  0022
motor@i_57                cstackBANK0  0023
motor@n                   cstackBANK0  0026
motor@pulsos              cstackCOMMON 0079
motor@sentido             cstackCOMMON 007B
motor@z                   cstackBANK0  0024
reset_vec                 reset_vec    0000
stackhi                   (abs)        0000
stacklo                   (abs)        0000
start                     init         0000
start_initialization      cinit        07FC
wtemp0                    (abs)        007E


FUNCTION INFORMATION:

 *************** function _main *****************
 Defined at:
		line 13 in file "main.c"
 Parameters:    Size  Location     Type
		None
 Auto vars:     Size  Location     Type
		None
 Return value:  Size  Location     Type
                  1    wreg      void 
 Registers used:
		wreg, status,2, status,0, btemp+1, pclath, cstack
 Tracked objects:
		On entry : 
		On exit  : 
		Unchanged: 
 Data sizes:     COMMON   BANK0   BANK1   BANK3   BANK2
      Params:         0       0       0       0       0
      Locals:         0       0       0       0       0
      Temps:          0       0       0       0       0
      Totals:         0       0       0       0       0
Total ram usage:        0 bytes
 Hardware stack levels required when called:    2
 This function calls:
		_motor
		_motor_init
 This function is called by:
		Startup code after reset
 This function uses a non-reentrant model


 *************** function _motor_init *****************
 Defined at:
		line 12 in file "passoMOTOR.c"
 Parameters:    Size  Location     Type
		None
 Auto vars:     Size  Location     Type
		None
 Return value:  Size  Location     Type
                  1    wreg      void 
 Registers used:
		status,2
 Tracked objects:
		On entry : 
		On exit  : 
		Unchanged: 
 Data sizes:     COMMON   BANK0   BANK1   BANK3   BANK2
      Params:         0       0       0       0       0
      Locals:         0       0       0       0       0
      Temps:          0       0       0       0       0
      Totals:         0       0       0       0       0
Total ram usage:        0 bytes
 Hardware stack levels used:    1
 This function calls:
		Nothing
 This function is called by:
		_main
 This function uses a non-reentrant model


 *************** function _motor *****************
 Defined at:
		line 21 in file "passoMOTOR.c"
 Parameters:    Size  Location     Type
  pulsos          2    9[COMMON] int 
  sentido         2   11[COMMON] int 
 Auto vars:     Size  Location     Type
  i               1    3[BANK0 ] unsigned char 
  i               1    2[BANK0 ] unsigned char 
  n               2    6[BANK0 ] int 
  z               2    4[BANK0 ] int 
 Return value:  Size  Location     Type
                  1    wreg      void 
 Registers used:
		wreg, status,2, status,0, btemp+1, pclath, cstack
 Tracked objects:
		On entry : 
		On exit  : 
		Unchanged: 
 Data sizes:     COMMON   BANK0   BANK1   BANK3   BANK2
      Params:         4       0       0       0       0
      Locals:         0       6       0       0       0
      Temps:          0       2       0       0       0
      Totals:         4       8       0       0       0
Total ram usage:       12 bytes
 Hardware stack levels used:    1
 Hardware stack levels required when called:    1
 This function calls:
		___awdiv
 This function is called by:
		_main
 This function uses a non-reentrant model


 *************** function ___awdiv *****************
 Defined at:
		line 5 in file "C:\Program Files (x86)\Microchip\xc8\v2.00\pic\sources\c90\common\awdiv.c"
 Parameters:    Size  Location     Type
  divisor         2    0[COMMON] int 
  dividend        2    2[COMMON] int 
 Auto vars:     Size  Location     Type
  quotient        2    7[COMMON] int 
  sign            1    6[COMMON] unsigned char 
  counter         1    5[COMMON] unsigned char 
 Return value:  Size  Location     Type
                  2    0[COMMON] int 
 Registers used:
		wreg, status,2, status,0
 Tracked objects:
		On entry : 
		On exit  : 
		Unchanged: 
 Data sizes:     COMMON   BANK0   BANK1   BANK3   BANK2
      Params:         4       0       0       0       0
      Locals:         4       0       0       0       0
      Temps:          1       0       0       0       0
      Totals:         9       0       0       0       0
Total ram usage:        9 bytes
 Hardware stack levels used:    1
 This function calls:
		Nothing
 This function is called by:
		_motor
 This function uses a non-reentrant model



MODULE INFORMATION

Module		Function		Class		Link	Load	Size
C:\Program Files (x86)\Microchip\xc8\v2.00\pic\sources\c90\common\awdiv.c
		___awdiv       		CODE           	068F	0000	114

C:\Program Files (x86)\Microchip\xc8\v2.00\pic\sources\c90\common\awdiv.c estimated size: 114

shared
		__initialization		CODE           	07FC	0000	1

shared estimated size: 1

passoMOTOR.c
		_motor_init    		CODE           	0648	0000	11
		_motor         		CODE           	0700	0000	253

passoMOTOR.c estimated size: 264

main.c
		_main          		CODE           	0652	0000	62

main.c estimated size: 62

